// Vitest Snapshot v1, https://vitest.dev/guide/snapshot.html

exports[`Done icon > renders the icon 1`] = `
<svg
  fill="none"
  height="16"
  role="icon"
  viewBox="0 0 16 16"
  width="16"
>
  <path
    d="M13.3327 4L5.99935 11.3333L2.66602 8"
    stroke="#334155"
    stroke-linecap="round"
    stroke-linejoin="round"
    stroke-width="2"
  />
</svg>
`;
